i[0] = Llewellyn
i[1] = Lynn
i[2] = Marsha
i[3] = Robert
i[4] = Samantha
