i[0] = 2010-05-21 00:00:00.0
i[1] = 2001-10-02 00:00:00.0
i[2] = 2000-01-01 00:00:00.0
i[3] = 1999-12-31 00:00:00.0
i[4] = 1975-06-28 00:00:00.0
