Field[0] = FIRST_FIELD
Field[1] = SECOND_FIELD
Field[2] = THIRD_FIELD
