Generate Pairs[0] = []
Generate Pairs[1] = [{p2=1, p5=1.1}, {p2=2, p5=1.1}, {p2=3, p5=1.1}, {p2=1, p5=2.2}, {p2=2, p5=2.2}, {p2=3, p5=2.2}, {p2=1, p5=3.3}, {p2=2, p5=3.3}, {p2=3, p5=3.3}]
Generate Pairs[2] = [{p2=1, p3=a}, {p2=2, p3=a}, {p2=3, p3=a}, {p5=1.1, p3=a}, {p5=2.2, p3=a}, {p5=3.3, p3=a}, {p2=1, p3=b}, {p2=2, p3=b}, {p2=3, p3=b}, {p5=1.1, p3=b}, {p5=2.2, p3=b}, {p5=3.3, p3=b}]
Generate Pairs[3] = [{p2=1, p4=L}, {p2=2, p4=L}, {p2=3, p4=L}, {p5=1.1, p4=L}, {p5=2.2, p4=L}, {p5=3.3, p4=L}, {p3=a, p4=L}, {p3=b, p4=L}, {p2=1, p4=M}, {p2=2, p4=M}, {p2=3, p4=M}, {p5=1.1, p4=M}, {p5=2.2, p4=M}, {p5=3.3, p4=M}, {p3=a, p4=M}, {p3=b, p4=M}]
