point[00] = [1,2]
point[01] = [1,3]
point[02] = [1,4]
point[03] = [1,5]
point[04] = [1,6]
point[05] = [1,7]
point[06] = [1,8]
point[07] = [1,9]
point[08] = [1,10]
point[09] = [2,2]
point[10] = [2,3]
point[11] = [2,4]
point[12] = [2,5]
point[13] = [2,6]
point[14] = [2,7]
point[15] = [2,8]
point[16] = [2,9]
point[17] = [2,10]
point[18] = [3,2]
point[19] = [3,3]
point[20] = [3,4]
point[21] = [3,5]
point[22] = [3,6]
point[23] = [3,7]
point[24] = [3,8]
point[25] = [3,9]
point[26] = [3,10]
point[27] = [4,2]
point[28] = [4,3]
point[29] = [4,4]
point[30] = [4,5]
point[31] = [4,6]
point[32] = [4,7]
point[33] = [4,8]
point[34] = [4,9]
point[35] = [4,10]
point[36] = [5,2]
point[37] = [5,3]
point[38] = [5,4]
point[39] = [5,5]
point[40] = [5,6]
point[41] = [5,7]
point[42] = [5,8]
point[43] = [5,9]
point[44] = [5,10]
point[45] = [6,2]
point[46] = [6,3]
point[47] = [6,4]
point[48] = [6,5]
point[49] = [6,6]
point[50] = [6,7]
point[51] = [6,8]
point[52] = [6,9]
point[53] = [6,10]
point[54] = [7,2]
point[55] = [7,3]
point[56] = [7,4]
point[57] = [7,5]
point[58] = [7,6]
point[59] = [7,7]
point[60] = [7,8]
point[61] = [7,9]
point[62] = [7,10]
point[63] = [8,2]
point[64] = [8,3]
point[65] = [8,4]
point[66] = [8,5]
point[67] = [8,6]
point[68] = [8,7]
point[69] = [8,8]
point[70] = [8,9]
point[71] = [8,10]
point[72] = [9,2]
point[73] = [9,3]
point[74] = [9,4]
point[75] = [9,5]
point[76] = [9,6]
point[77] = [9,7]
point[78] = [9,8]
point[79] = [9,9]
point[80] = [9,10]
