0=>[0.0, -5.0]
45=>[3.5355339059327373, -3.5355339059327378]
90=>[5.0, -3.061616997868383E-16]
135=>[3.5355339059327378, 3.5355339059327373]
180=>[6.123233995736766E-16, 5.0]
225=>[-3.5355339059327373, 3.5355339059327386]
270=>[-5.0, 9.184850993605148E-16]
315=>[-3.5355339059327386, -3.535533905932737]
360=>[-1.2246467991473533E-15, -5.0]
