Image: a.png = true
Image: a.viz.png = true
Image: a.bitmap = false
Image: a.txt = false
