/Applications/p4merge.app/Contents/MacOS/p4merge %s %s