Date scrubbing


Scrubbing for Tue May 13 16:30:00:
RegExScrubber[[a-zA-Z]{3} [a-zA-Z]{3} \d{2} \d{2}:\d{2}:\d{2}]
Example: {'date':"[Date1]"}


Scrubbing for Wed Nov 17 22:28:33 EET 2021:
RegExScrubber[[a-zA-Z]{3} [a-zA-Z]{3} \d{2} \d{2}:\d{2}:\d{2} [a-zA-Z]{3,4} \d{4}]
Example: {'date':"[Date1]"}


Scrubbing for Wed, 21 Oct 2015 07:28:00 GMT:
RegExScrubber[(Mon|Tue|Wed|Thu|Fri|Sat|Sun), \d{2} (Jan|Feb|Mar|Apr|May|Jun|Jul|Aug|Sep|Oct|Nov|Dec) \d{4} \d{2}:\d{2}:\d{2} GMT]
Example: {'date':"[Date1]"}


Scrubbing for Tue May 13 2014 23:30:00.789:
RegExScrubber[[a-zA-Z]{3} [a-zA-Z]{3} \d{2} \d{4} \d{2}:\d{2}:\d{2}.\d{3}]
Example: {'date':"[Date1]"}


Scrubbing for Tue May 13 16:30:00 -0800 2014:
RegExScrubber[[a-zA-Z]{3} [a-zA-Z]{3} \d{2} \d{2}:\d{2}:\d{2} -\d{4} \d{4}]
Example: {'date':"[Date1]"}


Scrubbing for 13 May 2014 23:50:49,999:
RegExScrubber[\d{2} [a-zA-Z]{3} \d{4} \d{2}:\d{2}:\d{2},\d{3}]
Example: {'date':"[Date1]"}


Scrubbing for Oct 13 15:29:
RegExScrubber[[A-Za-z]{3} \d{2} \d{2}:\d{2}]
Example: {'date':"[Date1]"}


Scrubbing for May 13, 2014 11:30:00 PM PST:
RegExScrubber[[a-zA-Z]{3} \d{2}, \d{4} \d{2}:\d{2}:\d{2} [a-zA-Z]{2} [a-zA-Z]{3}]
Example: {'date':"[Date1]"}


Scrubbing for 23:30:00:
RegExScrubber[\d{2}:\d{2}:\d{2}]
Example: {'date':"[Date1]"}


Scrubbing for 2014/05/13 16:30:59.786:
RegExScrubber[\d{4}/\d{2}/\d{2} \d{2}:\d{2}:\d{2}.\d{2}\d]
Example: {'date':"[Date1]"}


Scrubbing for 2020-9-10T08:07Z:
RegExScrubber[\d{4}-\d{1,2}-\d{1,2}T\d{1,2}:\d{2}Z]
Example: {'date':"[Date1]"}


Scrubbing for 2020-09-9T08:07Z:
RegExScrubber[\d{4}-\d{1,2}-\d{1,2}T\d{1,2}:\d{2}Z]
Example: {'date':"[Date1]"}


Scrubbing for 2020-09-10T8:07Z:
RegExScrubber[\d{4}-\d{1,2}-\d{1,2}T\d{1,2}:\d{2}Z]
Example: {'date':"[Date1]"}


Scrubbing for 2020-09-10T08:07Z:
RegExScrubber[\d{4}-\d{1,2}-\d{1,2}T\d{1,2}:\d{2}Z]
Example: {'date':"[Date1]"}


Scrubbing for 2020-09-10T08:07:89Z:
RegExScrubber[\d{4}-\d{1,2}-\d{1,2}T\d{1,2}:\d{2}:\d{2}Z]
Example: {'date':"[Date1]"}


Scrubbing for 2020-09-10T01:23:45.678Z:
RegExScrubber[\d{4}-\d{1,2}-\d{1,2}T\d{1,2}:\d{2}\:\d{2}\.\d{3}Z]
Example: {'date':"[Date1]"}


Scrubbing for 20210505T091112Z:
RegExScrubber[\d{8}T\d{6}Z]
Example: {'date':"[Date1]"}


Scrubbing for 2024-12-17:
RegExScrubber[\d{4}-\d{2}-\d{2}]
Example: {'date':"[Date1]"}


Scrubbing for 2024-12-18T14:04:46.746130Z:
RegExScrubber[\d{4}-\d{1,2}-\d{1,2}T\d{1,2}:\d{2}:\d{2}.\d{1,6}Z]
Example: {'date':"[Date1]"}


