02/01/2010, 03/01/2010 => 28 Days, 0 Hours
02/02/2010, 03/02/2010 => 28 Days, 0 Hours
02/03/2010, 03/03/2010 => 28 Days, 0 Hours
02/04/2010, 03/04/2010 => 28 Days, 0 Hours
02/05/2010, 03/05/2010 => 28 Days, 0 Hours
02/06/2010, 03/06/2010 => 28 Days, 0 Hours
02/07/2010, 03/07/2010 => 28 Days, 0 Hours
02/08/2010, 03/08/2010 => 28 Days, 0 Hours
02/09/2010, 03/09/2010 => 28 Days, 0 Hours
02/10/2010, 03/10/2010 => 28 Days, 0 Hours
02/11/2010, 03/11/2010 => 28 Days, 0 Hours
02/12/2010, 03/12/2010 => 28 Days, 0 Hours
02/13/2010, 03/13/2010 => 28 Days, 0 Hours
02/14/2010, 03/14/2010 => 28 Days, 0 Hours
02/15/2010, 03/15/2010 => 27 Days, 23 Hours
02/16/2010, 03/16/2010 => 27 Days, 23 Hours
02/17/2010, 03/17/2010 => 27 Days, 23 Hours
02/18/2010, 03/18/2010 => 27 Days, 23 Hours
02/19/2010, 03/19/2010 => 27 Days, 23 Hours
02/20/2010, 03/20/2010 => 27 Days, 23 Hours
02/21/2010, 03/21/2010 => 27 Days, 23 Hours
02/22/2010, 03/22/2010 => 27 Days, 23 Hours
02/23/2010, 03/23/2010 => 27 Days, 23 Hours
02/24/2010, 03/24/2010 => 27 Days, 23 Hours
02/25/2010, 03/25/2010 => 27 Days, 23 Hours
02/26/2010, 03/26/2010 => 27 Days, 23 Hours
02/27/2010, 03/27/2010 => 27 Days, 23 Hours
02/28/2010, 03/28/2010 => 27 Days, 23 Hours
