'quick brown fox'.split( ) => [quick, brown, fox]
'quick/brown/ fox'.split(/) => [quick, brown, fox]
'quick**brown**fox'.split(**) => [quick, brown, fox]
' quick   brown fox '.split( ) => [, quick, , , brown, fox, ]
'quick brown fox'.split(brown) => [quick, fox]
