junit.framework.AssertionFailedError: expected:<1
a
I
> but was:<1
r
I
>