[0] = 101
[1] = 102
[2] = 103
[3] = 104
[4] = 105
[5] = 106
[6] = 107
[7] = 108
[8] = 109
