type[0] = [0, 0, 0, 0]
type[1] = [1, 0, 0, 0]
type[2] = [2, 0, 0, 0]
type[3] = [0, 1, 0, 0]
type[4] = [1, 1, 0, 0]
type[5] = [2, 1, 0, 0]
type[6] = [0, 2, 0, 0]
type[7] = [1, 2, 0, 0]
type[8] = [2, 2, 0, 0]
type[9] = [0, 3, 0, 0]
type[10] = [1, 3, 0, 0]
type[11] = [2, 3, 0, 0]
type[12] = [0, 0, 0, 1]
type[13] = [1, 0, 0, 1]
type[14] = [2, 0, 0, 1]
type[15] = [0, 1, 0, 1]
type[16] = [1, 1, 0, 1]
type[17] = [2, 1, 0, 1]
type[18] = [0, 2, 0, 1]
type[19] = [1, 2, 0, 1]
type[20] = [2, 2, 0, 1]
type[21] = [0, 3, 0, 1]
type[22] = [1, 3, 0, 1]
type[23] = [2, 3, 0, 1]
