Code[00] = FedEx Priority Overnight
Code[01] = FedEx Standard Overnight
Code[02] = FedEx 2 Day
Code[03] = FedEx First Overnight
Code[04] = FedEx Express Saver
Code[05] = FedEx Ground
Code[06] = FedEx Ground Home Delivery
Code[07] = FedEx 1 Day Freight
Code[08] = FedEx 2 Day Freight
Code[09] = FedEx 3 Day Freight
