[one fish two fish red fish blue fish]

 -> maps via MapperWrapper to -> 

(blue, 1)
(fish, 1)
(fish, 1)
(fish, 1)
(fish, 1)
(one, 1)
(red, 1)
(two, 1)


 -> reduces via ReducerWrapper to -> 

(blue, 1)
(fish, 4)
(one, 1)
(red, 1)
(two, 1)
