[llew gen  llew]

 -> maps via MapperWrapper to -> 



(gen, 1)
(llew, 1)
(llew, 1)
