BrotherA[] = [BrotherA, ChildOfA]
I[] = [BrotherA, BrotherB]
I[] = [BrotherB, BrotherA]
BrotherB[] = [BrotherB, BrotherB]
BrotherA[] = [ChildOfA, BrotherA]
BrotherA[] = [null, BrotherA, ChildOfA]
BrotherA[] = [null, BrotherA, BrotherA]
BrotherA[] = [null, BrotherA, BrotherA, BrotherA]
BrotherA[] = [BrotherA, null, null]
BrotherA[] = [BrotherA, null]
BrotherA[] = [BrotherA]
Object[] = [null]
BrotherA[] = [BrotherA, null]
Object[] = [null, null]
