Works on JDK 1.8+ (tested on 1.8, 17, 21, 24, 25).