Trigger Key: testTriggerGroup.testTriggerName
Job Key: jobGroup.jobName
Start Time: Thu May 15 22:06:52 UTC 2025
End Time: Sun Aug 17 07:12:55 UTC 292278994