SELECT a.* 
FROM member AS a 
WHERE (a.name LIKE 'Ll%')