ApprovalWriter
	GetApprovedExtension ()
	GetRecievedExtension ()
	Write (File)
Approvals
	Approve (File)
	Approve (ApprovalWriter,FailedApprovalReport,int)
	Approve (FileApprover,FailedApprovalReport)
	Approve (Form)
	Approve (String,Object[])
	Approve (String)
	Approve (BufferedImage,int)
	Approve (BufferedImage)
	Approve (Image)
	ApproveHtml (String)
ApprovalsTest
	TestApprovalsApi ()
	TestApproveComponent ()
ComponentApprovalWriter
	GetApprovedExtension ()
	GetRecievedExtension ()
	ValidateComponent (Form)
	Write (File)
FailedApprovalReport
	IsResultChangedByReport ()
	Report (File,File)
FailedDiffTextApprovalReport
	IsResultChangedByReport ()
	Report (File,File)
FailedHtmlApprovalReport
	IsResultChangedByReport ()
	Report (File,File)
FailedImageApprovalReport
	IsResultChangedByReport ()
	Report (File,File)
FailedQuietApprovalReport
	IsResultChangedByReport ()
	Report (File,File)
FailedTextApprovalReport
	IsResultChangedByReport ()
	Report (File,File)
FileApprovalWriter
	GetApprovedExtension ()
	GetRecievedExtension ()
	Write (File)
FileApprover
	ApproveTextFile (File,File)
	CleanUpAfterSuccess ()
	Fail ()
	GetAcceptApprovalText (File,File)
	GetFile (StackTraceReflectionResult,String)
	IsApproved ()
	IsWindowsEnviroment ()
	Report (FailedApprovalReport)
FileApproverTest
	CreateFile (String)
	TestApproveTextFile ()
	TestApproveTextFileWithNonExsitantFile ()
	TestGetCurrentFileForMethod ()
FlyingSaucerHtmlToPdfWriter
	GetApprovedExtension ()
	GetRecievedExtension ()
	Write (File)
ImageApprovalWriter
	GetApprovedExtension ()
	GetRecievedExtension ()
	Write (File)
TextApprovalWriter
	GetApprovedExtension ()
	GetRecievedExtension ()
	Write (File)
