ApprovalApprover
        Approve()
        CleanUpAfterSuccess()
        Fail()
        ReportFailure(ApprovalFailureReporter)
ApprovalControlWriter
        GetApprovalFilename(String)
        GetReceivedFilename(String)
        ValidateComponent(Form)
        WriteReceivedFile(String)
ApprovalFailureReporter
        ApprovedWhenReported()
        Report(String,String)
ApprovalNamer
        GetApprovalName()
        GetSourceFilePath()
ApprovalTextWriter
        GetApprovalFilename(String)
        GetReceivedFilename(String)
        WriteReceivedFile(String)
ApprovalWriter
        GetApprovalFilename(String)
        GetReceivedFilename(String)
        WriteReceivedFile(String)
Approvals
        Approve(String)
        Approve(String,Object[])
        Approve(String,Iterable)
        Approve(Form)
        Approve(FileApprover,ApprovalFailureReporter)
        Approve(File)
        Approve(Image)
        Approve(BufferedImage)
        Approve(ApprovalWriter,ApprovalNamer,ApprovalFailureReporter)
        Approve(BufferedImage,ApprovalNamer)
        ApproveHtml(String)
        NewApprovalNamer()
ApprovalsTest
        TestApprovalsApi()
        TestApproveComponent()
FailedDiffTextApprovalReport
        ApprovedWhenReported()
        Report(String,String)
FailedFileLauncherReport
        ApprovedWhenReported()
        Report(String,String)
FailedImageApprovalReport
        ApprovedWhenReported()
        Report(String,String)
FailedQuietApprovalReport
        ApprovedWhenReported()
        Report(String,String)
FailedTextApprovalReport
        ApprovedWhenReported()
        Report(String,String)
FileApprovalWriter
        GetApprovalFilename(String)
        GetReceivedFilename(String)
        WriteReceivedFile(String)
FileApprover
        Approve()
        ApproveTextFile(File,File)
        CleanUpAfterSuccess()
        Fail()
        GetAcceptApprovalText(String,String)
        GetFile(StackTraceReflectionResult,String)
        IsWindowsEnviroment()
        ReportFailure(ApprovalFailureReporter)
FileApproverTest
        CreateFile(String)
        TestApproveTextFile()
        TestApproveTextFileWithNonExsitantFile()
        TestGetCurrentFileForMethod()
FlyingSaucerHtmlToPdfWriter
        GetApprovalFilename(String)
        GetReceivedFilename(String)
        WriteReceivedFile(String)
ImageApprovalWriter
        GetApprovalFilename(String)
        GetReceivedFilename(String)
        WriteReceivedFile(String)
JUnitStackTraceNamer
        GetApprovalName()
        GetSourceFilePath()
JUnitStackTraceNamerTest
        TestGetApprovalName()
        TestGetSourceFilePath()
TestApprovals
        Suite()
