i[0] = 5
i[1] = 4
i[2] = 3
i[3] = 2
i[4] = 1
