/Applications/TkDiff.app/Contents/MacOS/tkdiff %s %s
