C:\Program Files\WinMerge\WinMergeU.exe "%s" "%s"
