<html>
<body>
  <table border="1">
  	<tr><th>name</th><td>Sam</tr>
  	<tr><th>age</th><td>55</tr>
  	
  </table>
</body>
</html>
