(life, [7, 35])

 -> reduces via ReducerWrapper to -> 



(life, 42)
