
<html>
<header>
<style type="text/css">
body{
background-color:blue;
color:white;
font-family:Monospace;
}
</style>
</header>

<body>
An error has occurred<br/>
Message: My purpose is to throw errors<br/>
Error occurred at <br/>
<pre size="-2">
java.lang.Error: My purpose is to throw errors
	at org.jrack.utils.tests.JRackExceptionReporterTest$JRackError.call(JRackExceptionReporterTest.java:[Line Number])
	at org.jrack.utils.JRackExceptionReporter.call(JRackExceptionReporter.java:[Line Number])
	at org.jrack.utils.tests.JRackExceptionReporterTest.testExceptions(JRackExceptionReporterTest.java:[Line Number])
	at sun.reflect.NativeMethodAccessorImpl.invoke0(Native Method)
	at sun.reflect.NativeMethodAccessorImpl.invoke(NativeMethodAccessorImpl.java:[Line Number])
	at sun.reflect.DelegatingMethodAccessorImpl.invoke(DelegatingMethodAccessorImpl.java:[Line Number])
	at java.lang.reflect.Method.invoke(Method.java:[Line Number])
	at junit.framework.TestCase.runTest(TestCase.java:[Line Number])
	at junit.framework.TestCase.runBare(TestCase.java:[Line Number])
	at junit.framework.TestResult$1.protect(TestResult.java:[Line Number])
	at junit.framework.TestResult.runProtected(TestResult.java:[Line Number])
	at junit.framework.TestResult.run(TestResult.java:[Line Number])
	at junit.framework.TestCase.run(TestCase.java:[Line Number])
	at junit.framework.TestSuite.runTest(TestSuite.java:[Line Number])
	at junit.framework.TestSuite.run(TestSuite.java:[Line Number])
	at org.junit.internal.runners.JUnit38ClassRunner.run(JUnit38ClassRunner.java:[Line Number])
	at org.eclipse.jdt.internal.junit4.runner.JUnit4TestReference.run(JUnit4TestReference.java:[Line Number])
	at org.eclipse.jdt.internal.junit.runner.TestExecution.run(TestExecution.java:[Line Number])
	at org.eclipse.jdt.internal.junit.runner.RemoteTestRunner.runTests(RemoteTestRunner.java:[Line Number])
	at org.eclipse.jdt.internal.junit.runner.RemoteTestRunner.runTests(RemoteTestRunner.java:[Line Number])
	at org.eclipse.jdt.internal.junit.runner.RemoteTestRunner.run(RemoteTestRunner.java:[Line Number])
	at org.eclipse.jdt.internal.junit.runner.RemoteTestRunner.main(RemoteTestRunner.java:[Line Number])
</pre>
</body>
</html>
