i[0] = 4
i[1] = 5
i[2] = 6
i[3] = 8
i[4] = 9
i[5] = 10
