i[0] = Lynn
i[1] = Robert
i[2] = Marsha
i[3] = Samantha
i[4] = Llewellynn
