months[0] = [01/01/2008 0:00 - 04/01/2008 0:00]
months[1] = [04/01/2008 0:00 - 07/01/2008 0:00]
months[2] = [07/01/2008 0:00 - 10/01/2008 0:00]
months[3] = [10/01/2008 0:00 - 01/01/2009 0:00]
