week[0] = [10/01/2008 0:00 - 10/05/2008 0:00]
week[1] = [10/05/2008 0:00 - 10/12/2008 0:00]
week[2] = [10/12/2008 0:00 - 10/19/2008 0:00]
week[3] = [10/19/2008 0:00 - 10/26/2008 0:00]
week[4] = [10/26/2008 0:00 - 11/01/2008 0:00]
