months[00] = [01/01/2008 0:00 - 02/01/2008 0:00]
months[01] = [02/01/2008 0:00 - 03/01/2008 0:00]
months[02] = [03/01/2008 0:00 - 04/01/2008 0:00]
months[03] = [04/01/2008 0:00 - 05/01/2008 0:00]
months[04] = [05/01/2008 0:00 - 06/01/2008 0:00]
months[05] = [06/01/2008 0:00 - 07/01/2008 0:00]
months[06] = [07/01/2008 0:00 - 08/01/2008 0:00]
months[07] = [08/01/2008 0:00 - 09/01/2008 0:00]
months[08] = [09/01/2008 0:00 - 10/01/2008 0:00]
months[09] = [10/01/2008 0:00 - 11/01/2008 0:00]
months[10] = [11/01/2008 0:00 - 12/01/2008 0:00]
months[11] = [12/01/2008 0:00 - 01/01/2009 0:00]
