verifyMethods


private static void org.approvaltests.Approvals.verifyEachFileAgainstMasterDirectory(java.io.File[],org.approvaltests.core.Options)
public static void org.approvaltests.Approvals.verify(com.spun.util.persistence.ExecutableCommand)
public static void org.approvaltests.Approvals.verify(com.spun.util.persistence.ExecutableCommand,org.approvaltests.core.Options)
public static void org.approvaltests.Approvals.verify(com.spun.util.persistence.SqlLoader)
public static void org.approvaltests.Approvals.verify(com.spun.util.persistence.SqlLoader,org.approvaltests.core.Options)
public static void org.approvaltests.Approvals.verify(java.io.File)
public static void org.approvaltests.Approvals.verify(java.io.File,org.approvaltests.core.Options)
public static void org.approvaltests.Approvals.verify(java.lang.Object)
public static void org.approvaltests.Approvals.verify(java.lang.Object,java.lang.String)
public static void org.approvaltests.Approvals.verify(java.lang.Object,java.lang.String,org.approvaltests.core.Options)
public static void org.approvaltests.Approvals.verify(java.lang.Object,org.approvaltests.core.Options)
public static void org.approvaltests.Approvals.verify(java.lang.String)
public static void org.approvaltests.Approvals.verify(java.lang.String,org.approvaltests.core.Options)
public static void org.approvaltests.Approvals.verify(java.sql.ResultSet)
public static void org.approvaltests.Approvals.verify(java.sql.ResultSet,org.approvaltests.core.Options)
public static void org.approvaltests.Approvals.verify(java.util.Map)
public static void org.approvaltests.Approvals.verify(java.util.Map,org.approvaltests.core.Options)
public static void org.approvaltests.Approvals.verify(org.approvaltests.approvers.ApprovalApprover)
public static void org.approvaltests.Approvals.verify(org.approvaltests.approvers.ApprovalApprover,org.approvaltests.core.ApprovalFailureReporter)
public static void org.approvaltests.Approvals.verify(org.approvaltests.approvers.ApprovalApprover,org.approvaltests.core.Options)
public static void org.approvaltests.Approvals.verify(org.approvaltests.core.ApprovalWriter)
public static void org.approvaltests.Approvals.verify(org.approvaltests.core.ApprovalWriter,org.approvaltests.core.Options)
public static void org.approvaltests.Approvals.verify(org.approvaltests.core.ApprovalWriter,org.approvaltests.namer.ApprovalNamer)
public static void org.approvaltests.Approvals.verify(org.approvaltests.core.ApprovalWriter,org.approvaltests.namer.ApprovalNamer,org.approvaltests.core.ApprovalFailureReporter)
public static void org.approvaltests.Approvals.verify(org.approvaltests.core.ApprovalWriter,org.approvaltests.namer.ApprovalNamer,org.approvaltests.core.Options)
public static void org.approvaltests.Approvals.verify(org.approvaltests.core.Verifiable)
public static void org.approvaltests.Approvals.verify(org.approvaltests.core.Verifiable,org.approvaltests.core.Options)
public static void org.approvaltests.Approvals.verifyAll(java.lang.Iterable,org.lambda.functions.Function1)
public static void org.approvaltests.Approvals.verifyAll(java.lang.Iterable,org.lambda.functions.Function1,org.approvaltests.core.Options)
public static void org.approvaltests.Approvals.verifyAll(java.lang.Object[],org.lambda.functions.Function1)
public static void org.approvaltests.Approvals.verifyAll(java.lang.Object[],org.lambda.functions.Function1,org.approvaltests.core.Options)
public static void org.approvaltests.Approvals.verifyAll(java.lang.String,java.lang.Iterable)
public static void org.approvaltests.Approvals.verifyAll(java.lang.String,java.lang.Iterable,org.approvaltests.core.Options)
public static void org.approvaltests.Approvals.verifyAll(java.lang.String,java.lang.Iterable,org.lambda.functions.Function1)
public static void org.approvaltests.Approvals.verifyAll(java.lang.String,java.lang.Iterable,org.lambda.functions.Function1,org.approvaltests.core.Options)
public static void org.approvaltests.Approvals.verifyAll(java.lang.String,java.lang.Object[])
public static void org.approvaltests.Approvals.verifyAll(java.lang.String,java.lang.Object[],org.approvaltests.core.Options)
public static void org.approvaltests.Approvals.verifyAll(java.lang.String,java.lang.Object[],org.lambda.functions.Function1)
public static void org.approvaltests.Approvals.verifyAll(java.lang.String,java.lang.Object[],org.lambda.functions.Function1,org.approvaltests.core.Options)
public static void org.approvaltests.Approvals.verifyAll(java.lang.String,java.lang.String,java.lang.Iterable)
public static void org.approvaltests.Approvals.verifyAll(java.lang.String,java.lang.String,java.lang.Iterable,org.approvaltests.core.Options)
public static void org.approvaltests.Approvals.verifyAll(java.lang.String,java.lang.String,java.lang.Object[])
public static void org.approvaltests.Approvals.verifyAll(java.lang.String,java.lang.String,java.lang.Object[],org.approvaltests.core.Options)
public static void org.approvaltests.Approvals.verifyAsJson(java.lang.Object)
public static void org.approvaltests.Approvals.verifyAsJson(java.lang.Object,org.approvaltests.core.Options)
public static void org.approvaltests.Approvals.verifyAsJson(java.lang.Object,org.lambda.functions.Function1,java.lang.Class)
public static void org.approvaltests.Approvals.verifyAsJson(java.lang.Object,org.lambda.functions.Function1,java.lang.Class,org.approvaltests.core.Options)
public static void org.approvaltests.Approvals.verifyEachFileInDirectory(java.io.File)
public static void org.approvaltests.Approvals.verifyEachFileInDirectory(java.io.File,java.io.FileFilter)
public static void org.approvaltests.Approvals.verifyEachFileInDirectory(java.io.File,java.io.FileFilter,org.approvaltests.core.Options)
public static void org.approvaltests.Approvals.verifyEachFileInDirectory(java.io.File,java.io.FilenameFilter)
public static void org.approvaltests.Approvals.verifyEachFileInDirectory(java.io.File,java.io.FilenameFilter,org.approvaltests.core.Options)
public static void org.approvaltests.Approvals.verifyEachFileInDirectory(java.io.File,org.approvaltests.core.Options)
public static void org.approvaltests.Approvals.verifyException(org.lambda.actions.Action0)
public static void org.approvaltests.Approvals.verifyException(org.lambda.actions.Action0,org.approvaltests.core.Options)
public static void org.approvaltests.Approvals.verifyHtml(java.lang.String)
public static void org.approvaltests.Approvals.verifyHtml(java.lang.String,org.approvaltests.core.Options)
public static void org.approvaltests.Approvals.verifyJson(java.lang.String)
public static void org.approvaltests.Approvals.verifyJson(java.lang.String,org.approvaltests.core.Options)
public static void org.approvaltests.Approvals.verifyXml(java.lang.String)
public static void org.approvaltests.Approvals.verifyXml(java.lang.String,org.approvaltests.core.Options)
public static void org.approvaltests.Approvals.verifyXml(java.lang.String,org.lambda.functions.Function1)
public static void org.approvaltests.Approvals.verifyXml(java.lang.String,org.lambda.functions.Function1,org.approvaltests.core.Options)
